0 verbose cli C:\Program Files\nodejs\node.exe C:\Program Files\nodejs\node_modules\npm\bin\npm-cli.js
1 info using npm@11.6.2
2 info using node@v24.11.1
3 silly config load:file:C:\Program Files\nodejs\node_modules\npm\npmrc
4 silly config load:file:H:\WHATSAPP\wazzap-clone\.npmrc
5 silly config load:file:C:\Users\konoi\.npmrc
6 silly config load:file:C:\Users\konoi\AppData\Roaming\npm\etc\npmrc
7 verbose title npm exec playwright-cli --session landing open http://localhost:3000 --headed
8 verbose argv "exec" "--package" "@playwright/cli" "--" "playwright-cli" "--session" "landing" "open" "http://localhost:3000" "--headed"
9 verbose logfile logs-max:10 dir:H:\WHATSAPP\wazzap-clone\output\playwright\npm-cache\_logs\2026-03-09T22_05_25_611Z-
10 verbose logfile H:\WHATSAPP\wazzap-clone\output\playwright\npm-cache\_logs\2026-03-09T22_05_25_611Z-debug-0.log
11 silly logfile done cleaning log files
12 silly packumentCache heap:4496293888 maxSize:1124073472 maxEntrySize:562036736
13 http fetch GET 200 https://registry.npmjs.org/@playwright%2fcli 523ms (cache miss)
14 silly packumentCache heap:4496293888 maxSize:1124073472 maxEntrySize:562036736
15 warn exec The following package was not found and will be installed: @playwright/cli@0.1.1
16 silly idealTree buildDeps
17 silly fetch manifest @playwright/cli@0.1.1
18 silly packumentCache full:https://registry.npmjs.org/@playwright%2fcli cache-miss
19 http fetch GET 200 https://registry.npmjs.org/@playwright%2fcli 1070ms (cache miss)
20 silly packumentCache full:https://registry.npmjs.org/@playwright%2fcli set size:undefined disposed:false
21 silly placeDep ROOT @playwright/cli@0.1.1 OK for:  want: 0.1.1
22 silly fetch manifest minimist@^1.2.5
23 silly packumentCache full:https://registry.npmjs.org/minimist cache-miss
24 silly fetch manifest playwright@1.59.0-alpha-1771104257000
25 silly packumentCache full:https://registry.npmjs.org/playwright cache-miss
26 http fetch GET 200 https://registry.npmjs.org/minimist 138ms (cache miss)
27 silly packumentCache full:https://registry.npmjs.org/minimist set size:undefined disposed:false
28 http fetch GET 200 https://registry.npmjs.org/playwright 1370ms (cache miss)
29 silly packumentCache full:https://registry.npmjs.org/playwright set size:undefined disposed:false
30 silly placeDep ROOT minimist@1.2.8 OK for: @playwright/cli@0.1.1 want: ^1.2.5
31 silly placeDep ROOT playwright@1.59.0-alpha-1771104257000 OK for: @playwright/cli@0.1.1 want: 1.59.0-alpha-1771104257000
32 silly fetch manifest playwright-core@1.59.0-alpha-1771104257000
33 silly packumentCache full:https://registry.npmjs.org/playwright-core cache-miss
34 silly fetch manifest fsevents@2.3.2
35 silly packumentCache full:https://registry.npmjs.org/fsevents cache-miss
36 http fetch GET 200 https://registry.npmjs.org/fsevents 139ms (cache miss)
37 silly packumentCache full:https://registry.npmjs.org/fsevents set size:undefined disposed:false
38 http fetch GET 200 https://registry.npmjs.org/playwright-core 808ms (cache miss)
39 silly packumentCache full:https://registry.npmjs.org/playwright-core set size:undefined disposed:false
40 silly placeDep ROOT fsevents@2.3.2 OK for: playwright@1.59.0-alpha-1771104257000 want: 2.3.2
41 silly placeDep ROOT playwright-core@1.59.0-alpha-1771104257000 OK for: playwright@1.59.0-alpha-1771104257000 want: 1.59.0-alpha-1771104257000
42 silly reify moves {}
43 silly audit bulk request {
43 silly audit   '@playwright/cli': [ '0.1.1' ],
43 silly audit   minimist: [ '1.2.8' ],
43 silly audit   playwright: [ '1.59.0-alpha-1771104257000' ],
43 silly audit   fsevents: [ '2.3.2' ],
43 silly audit   'playwright-core': [ '1.59.0-alpha-1771104257000' ]
43 silly audit }
44 http cache playwright-core@https://registry.npmjs.org/playwright-core/-/playwright-core-1.59.0-alpha-1771104257000.tgz 0ms (cache hit)
45 http cache playwright@https://registry.npmjs.org/playwright/-/playwright-1.59.0-alpha-1771104257000.tgz 0ms (cache hit)
46 silly tarball no local data for playwright-core@https://registry.npmjs.org/playwright-core/-/playwright-core-1.59.0-alpha-1771104257000.tgz. Extracting by manifest.
47 silly tarball no local data for playwright@https://registry.npmjs.org/playwright/-/playwright-1.59.0-alpha-1771104257000.tgz. Extracting by manifest.
48 http cache @playwright/cli@https://registry.npmjs.org/@playwright/cli/-/cli-0.1.1.tgz 0ms (cache hit)
49 http cache minimist@https://registry.npmjs.org/minimist/-/minimist-1.2.8.tgz 0ms (cache hit)
50 silly tarball no local data for @playwright/cli@https://registry.npmjs.org/@playwright/cli/-/cli-0.1.1.tgz. Extracting by manifest.
51 silly tarball no local data for minimist@https://registry.npmjs.org/minimist/-/minimist-1.2.8.tgz. Extracting by manifest.
52 http fetch POST 200 https://registry.npmjs.org/-/npm/v1/security/advisories/bulk 309ms
53 silly audit report {}
54 http fetch GET 200 https://registry.npmjs.org/minimist/-/minimist-1.2.8.tgz 621ms (cache miss)
55 http fetch GET 200 https://registry.npmjs.org/@playwright/cli/-/cli-0.1.1.tgz 626ms (cache miss)
56 http fetch GET 200 https://registry.npmjs.org/playwright/-/playwright-1.59.0-alpha-1771104257000.tgz 3374ms (cache miss)
57 http fetch GET 200 https://registry.npmjs.org/playwright-core/-/playwright-core-1.59.0-alpha-1771104257000.tgz 6596ms (cache miss)
58 verbose cwd H:\WHATSAPP\wazzap-clone\output\playwright\landing
59 verbose os Windows_NT 10.0.26200
60 verbose node v24.11.1
61 verbose npm  v11.6.2
62 verbose exit 0
63 info ok
